### pnpm test (vitest run)
$ vitest run

 RUN  v5.0.2 D:/Documents/turing-complete/.worktrees/phase1

 ✓ test/levels/checks.test.ts (28 tests) 51ms
 ✓ test/core/defs-wide.test.ts (60 tests) 133ms
 ✓ test/core/registry.test.ts (35 tests) 28ms
 ✓ test/levels/ch1-part2.test.ts (29 tests) 32ms
 ✓ test/levels/ch1-part1.test.ts (34 tests) 24ms
 ✓ test/levels/fuzz-custom.test.ts (67 tests) 160ms
 ✓ test/levels/ch2-batch1.test.ts (58 tests) 139ms
 ✓ test/core/net.test.ts (55 tests) 510ms
   ✓ compile (10)
     ✓ sizes the signal table for the circuit instead of the 65,536 default 312ms
 ✓ test/core/graph.test.ts (15 tests) 574ms
   ✓ validateGraph (9)
     ✓ scans a 50,000-instance cycle without recursing 560ms
 ✓ test/levels/ch2-batch4.test.ts (126 tests) 426ms
 ✓ test/app/progress.test.ts (18 tests) 13ms
 ✓ test/core/signal.test.ts (16 tests) 15ms
 ✓ test/app/commands.test.ts (6 tests) 9ms
stdout | test/levels/zz-scratch-measure.test.ts > scratch measurements > eight full_adders cascade on level 22
L22 drop-in {"gate":72,"delay":8,"tick":0} 3 []

stdout | test/levels/zz-scratch-measure.test.ts > scratch measurements > decoder3 drop-in on level 26
L26 drop-in {"gate":27,"delay":1,"tick":0} 3 []

 ✓ test/persist/storage.test.ts (12 tests) 12ms
 ✓ test/levels/zz-scratch-measure.test.ts (2 tests) 45ms
 ✓ test/levels/ch2-batch2.test.ts (56 tests) 601ms
 ✓ test/levels/unlock-chain.test.ts (35 tests) 24ms
 ✓ test/app/store.test.ts (11 tests) 8ms
 ✓ test/levels/grader.test.ts (66 tests) 754ms
   ✓ every shipped level: its reference solution meets its own three-star bounds (39)
     ✓ ch2-27-logic-engine meets every bound its level declares 489ms
 ✓ test/smoke/sanity.test.ts (1 test) 4ms
 ✓ test/ui/view.test.ts (6 tests) 6ms
 ✓ test/levels/level-buildability.test.ts (85 tests) 777ms
   ✓ every shipped level can build its own reference solution (40)
     ✓ grades every filed reference against the level it is filed under 738ms
 ✓ test/ui/panels.test.ts (22 tests) 55ms
 ✓ test/levels/ch2-batch3.test.ts (68 tests) 1805ms
   ✓ reference solutions pass with three stars (5)
     ✓ ch2-27-logic-engine 534ms
   ✓ the fuzz levels drive varying, reproducible vectors (1)
     ✓ draws 256 different vectors on every run, from the level data alone 425ms

 Test Files  24 passed (24)
      Tests  911 passed (911)
   Start at  03:40:24
   Duration  2.61s (tests 41%, transform 32%, import 15%, environment 9%, worker 3%)

  Transform  transforming modules took 4.83s · 32% of tracked time, re-done on every run
             persist transforms across runs with fsModuleCache: true
             learn more: https://vitest.dev/guide/improving-performance#caching-between-reruns

