### isolated verification of commit e0e8a2d (clean checkout + node_modules junction)

$ git rev-parse HEAD
e0e8a2d2440eb4ff5efeb96e0f1ab54e25d51734

$ git status --short (clean checkout: empty)

$ node node_modules/vitest/vitest.mjs run

 RUN  v5.0.2 C:/Users/ME/AppData/Local/Temp/task12-verify

 ✓ test/levels/checks.test.ts (28 tests) 45ms
 ✓ test/core/defs-wide.test.ts (60 tests) 109ms
 ✓ test/levels/ch1-part1.test.ts (34 tests) 25ms
 ✓ test/core/registry.test.ts (35 tests) 26ms
 ✓ test/levels/unlock-chain.test.ts (35 tests) 26ms
 ✓ test/levels/fuzz-custom.test.ts (67 tests) 192ms
 ✓ test/levels/ch2-batch1.test.ts (58 tests) 110ms
 ✓ test/core/net.test.ts (55 tests) 490ms
 ✓ test/core/graph.test.ts (15 tests) 554ms
   ✓ validateGraph (9)
     ✓ scans a 50,000-instance cycle without recursing 541ms
 ✓ test/levels/ch2-batch4.test.ts (126 tests) 365ms
 ✓ test/levels/ch1-part2.test.ts (29 tests) 35ms
 ✓ test/app/commands.test.ts (6 tests) 9ms
 ✓ test/app/progress.test.ts (18 tests) 12ms
 ✓ test/persist/storage.test.ts (12 tests) 11ms
 ✓ test/core/signal.test.ts (16 tests) 13ms
 ✓ test/app/store.test.ts (11 tests) 9ms
 ✓ test/levels/ch2-batch2.test.ts (56 tests) 560ms
 ✓ test/ui/view.test.ts (6 tests) 6ms
 ✓ test/smoke/sanity.test.ts (1 test) 3ms
 ✓ test/levels/grader.test.ts (66 tests) 690ms
   ✓ every shipped level: its reference solution meets its own three-star bounds (39)
     ✓ ch2-27-logic-engine meets every bound its level declares 449ms
 ✓ test/levels/level-buildability.test.ts (85 tests) 681ms
   ✓ every shipped level can build its own reference solution (40)
     ✓ grades every filed reference against the level it is filed under 644ms
 ✓ test/ui/panels.test.ts (22 tests) 58ms
 ✓ test/levels/ch2-batch3.test.ts (68 tests) 1771ms
   ✓ reference solutions pass with three stars (5)
     ✓ ch2-27-logic-engine 477ms
   ✓ the fuzz levels drive varying, reproducible vectors (1)
     ✓ draws 256 different vectors on every run, from the level data alone 456ms

 Test Files  23 passed (23)
      Tests  909 passed (909)
   Start at  03:44:41
   Duration  2.60s (tests 38%, transform 30%, import 20%, environment 9%, worker 3%)

  Transform  transforming modules took 4.49s · 30% of tracked time, re-done on every run
             persist transforms across runs with fsModuleCache: true
             learn more: https://vitest.dev/guide/improving-performance#caching-between-reruns


$ node node_modules/typescript/lib/tsc.js --noEmit

$ node node_modules/vite/bin/vite.js build
vite v8.3.1 building client environment for production...
transforming...
✓ 39 modules transformed.
rendering chunks...
computing gzip size...
dist/index.html                  0.42 kB │ gzip:  0.31 kB
dist/assets/index-BJi6Tn_M.css   2.31 kB │ gzip:  0.88 kB
dist/assets/index-CQKwIvEe.js   98.31 kB │ gzip: 34.53 kB

✓ built in 68ms
