$ vitest run

 RUN  v5.0.2 D:/Documents/turing-complete/.worktrees/phase1

 ✓ test/levels/checks.test.ts (28 tests) 55ms
 ✓ test/levels/ch1-part2.test.ts (29 tests) 25ms
 ✓ test/levels/ch1-part1.test.ts (34 tests) 30ms
 ✓ test/levels/grader.test.ts (40 tests) 39ms
 ✓ test/core/defs-wide.test.ts (60 tests) 130ms
 ✓ test/levels/ch2-batch1.test.ts (58 tests) 85ms
 ✓ test/levels/level-buildability.test.ts (40 tests) 62ms
 ✓ test/levels/fuzz-custom.test.ts (67 tests) 168ms
 ✓ test/core/registry.test.ts (35 tests) 29ms
 ✓ test/core/graph.test.ts (15 tests) 521ms
   ✓ validateGraph (9)
     ✓ scans a 50,000-instance cycle without recursing 507ms
 ✓ test/persist/storage.test.ts (12 tests) 12ms
 ✓ test/core/net.test.ts (55 tests) 515ms
   ✓ compile (10)
     ✓ sizes the signal table for the circuit instead of the 65,536 default 326ms
 ✓ test/app/progress.test.ts (18 tests) 13ms
 ✓ test/core/signal.test.ts (16 tests) 12ms
 ✓ test/app/commands.test.ts (6 tests) 8ms
 ✓ test/ui/view.test.ts (6 tests) 6ms
 ✓ test/levels/ch2-batch4.test.ts (126 tests) 315ms
 ✓ test/smoke/sanity.test.ts (1 test) 6ms
 ✓ test/app/store.test.ts (11 tests) 13ms
 ✓ test/levels/ch2-batch2.test.ts (56 tests) 577ms
 ✓ test/ui/panels.test.ts (22 tests) 47ms
 ✓ test/levels/ch2-batch3.test.ts (68 tests) 1657ms
   ✓ reference solutions pass with three stars (5)
     ✓ ch2-27-logic-engine 453ms
   ✓ the fuzz levels drive varying, reproducible vectors (1)
     ✓ draws 256 different vectors on every run, from the level data alone 418ms

 Test Files  22 passed (22)
      Tests  803 passed (803)
   Start at  03:27:55
   Duration  2.46s (tests 36%, transform 36%, import 14%, environment 11%, worker 3%)

  Transform  transforming modules took 4.31s · 36% of tracked time, re-done on every run
             persist transforms across runs with fsModuleCache: true
             learn more: https://vitest.dev/guide/improving-performance#caching-between-reruns

