$ vitest run

 RUN  v5.0.2 D:/Documents/turing-complete/.worktrees/phase1

 ✓ test/levels/checks.test.ts (28 tests) 52ms
 ✓ test/core/defs-wide.test.ts (63 tests) 123ms
 ✓ test/levels/fuzz-custom.test.ts (67 tests) 151ms
 ✓ test/core/registry.test.ts (35 tests) 40ms
 ✓ test/levels/ch1-part1.test.ts (40 tests) 25ms
 ✓ test/levels/ch1-part2.test.ts (35 tests) 35ms
 ✓ test/levels/ch2-batch1.test.ts (58 tests) 135ms
 ✓ test/core/graph.test.ts (15 tests) 590ms
   ✓ validateGraph (9)
     ✓ scans a 50,000-instance cycle without recursing 577ms
 ✓ test/core/net.test.ts (55 tests) 571ms
 ✓ test/core/signal.test.ts (20 tests) 25ms
 ✓ test/levels/ch2-batch4.test.ts (126 tests) 394ms
 ✓ test/levels/unlock-chain.test.ts (38 tests) 23ms
 ✓ test/app/commands.test.ts (6 tests) 9ms
 ✓ test/persist/storage.test.ts (12 tests) 11ms
 ✓ test/app/progress.test.ts (18 tests) 13ms
 ✓ test/ui/view.test.ts (6 tests) 7ms
 ✓ test/levels/ch2-batch2.test.ts (61 tests) 636ms
 ✓ test/app/store.test.ts (11 tests) 9ms
 ✓ test/levels/grader.test.ts (66 tests) 709ms
   ✓ every shipped level: its reference solution meets its own three-star bounds (39)
     ✓ ch2-27-logic-engine meets every bound its level declares 509ms
 ✓ test/smoke/sanity.test.ts (1 test) 2ms
 ✓ test/levels/level-buildability.test.ts (85 tests) 702ms
   ✓ every shipped level can build its own reference solution (40)
     ✓ grades every filed reference against the level it is filed under 658ms
 ✓ test/ui/panels.test.ts (23 tests) 58ms
 ✓ test/levels/ch2-batch3.test.ts (69 tests) 1897ms
   ✓ reference solutions pass with three stars (5)
     ✓ ch2-27-logic-engine 514ms
   ✓ the fuzz levels drive varying, reproducible vectors (1)
     ✓ draws 256 different vectors on every run, from the level data alone 477ms

 Test Files  23 passed (23)
      Tests  938 passed (938)
   Start at  07:55:02
   Duration  2.69s (tests 42%, transform 31%, import 14%, environment 9%, worker 3%)

  Transform  transforming modules took 4.66s · 31% of tracked time, re-done on every run
             persist transforms across runs with fsModuleCache: true
             learn more: https://vitest.dev/guide/improving-performance#caching-between-reruns

