$ vitest run

 RUN  v5.0.2 D:/Documents/turing-complete/.worktrees/phase1

 ✓ test/levels/checks.test.ts (28 tests) 50ms
 ✓ test/levels/fuzz-custom.test.ts (67 tests) 129ms
 ✓ test/levels/ch1-part2.test.ts (29 tests) 28ms
 ✓ test/levels/ch1-part1.test.ts (34 tests) 24ms
 ✓ test/core/registry.test.ts (35 tests) 31ms
 ✓ test/core/defs-wide.test.ts (60 tests) 127ms
 ✓ test/levels/ch2-batch1.test.ts (58 tests) 106ms
 ✓ test/core/net.test.ts (55 tests) 519ms
   ✓ compile (10)
     ✓ sizes the signal table for the circuit instead of the 65,536 default 319ms
 ✓ test/app/progress.test.ts (18 tests) 12ms
 ✓ test/core/graph.test.ts (15 tests) 561ms
   ✓ validateGraph (9)
     ✓ scans a 50,000-instance cycle without recursing 545ms
 ✓ test/levels/ch2-batch4.test.ts (126 tests) 387ms
 ✓ test/app/commands.test.ts (6 tests) 8ms
 ✓ test/core/signal.test.ts (16 tests) 14ms
 ✓ test/persist/storage.test.ts (12 tests) 11ms
 ✓ test/levels/ch2-batch2.test.ts (61 tests) 518ms
 ✓ test/app/store.test.ts (11 tests) 12ms
 ✓ test/ui/view.test.ts (6 tests) 7ms
 ✓ test/levels/unlock-chain.test.ts (38 tests) 19ms
 ✓ test/levels/grader.test.ts (66 tests) 673ms
   ✓ every shipped level: its reference solution meets its own three-star bounds (39)
     ✓ ch2-27-logic-engine meets every bound its level declares 459ms
 ✓ test/smoke/sanity.test.ts (1 test) 4ms
 ✓ test/levels/level-buildability.test.ts (85 tests) 651ms
   ✓ every shipped level can build its own reference solution (40)
     ✓ grades every filed reference against the level it is filed under 608ms
 ✓ test/ui/panels.test.ts (22 tests) 55ms
 ✓ test/levels/ch2-batch3.test.ts (69 tests) 1759ms
   ✓ reference solutions pass with three stars (5)
     ✓ ch2-27-logic-engine 470ms
   ✓ the fuzz levels drive varying, reproducible vectors (1)
     ✓ draws 256 different vectors on every run, from the level data alone 449ms

 Test Files  23 passed (23)
      Tests  918 passed (918)
   Start at  04:02:33
   Duration  2.60s (tests 39%, transform 35%, import 14%, environment 10%, worker 3%)

  Transform  transforming modules took 5.10s · 35% of tracked time, re-done on every run
             persist transforms across runs with fsModuleCache: true
             learn more: https://vitest.dev/guide/improving-performance#caching-between-reruns

