$ vitest run

 RUN  v5.0.2 D:/Documents/turing-complete/.worktrees/phase1

 ✓ test/levels/checks.test.ts (28 tests) 50ms
 ✓ test/levels/ch1-part2.test.ts (29 tests) 25ms
 ✓ test/levels/ch1-part1.test.ts (34 tests) 28ms
 ✓ test/core/registry.test.ts (35 tests) 33ms
 ✓ test/levels/fuzz-custom.test.ts (67 tests) 158ms
 ✓ test/core/defs-wide.test.ts (60 tests) 119ms
 ✓ test/levels/ch2-batch1.test.ts (58 tests) 111ms
 ✓ test/core/net.test.ts (55 tests) 599ms
   ✓ compile (10)
     ✓ sizes the signal table for the circuit instead of the 65,536 default 388ms
 ✓ test/core/graph.test.ts (15 tests) 646ms
   ✓ validateGraph (9)
     ✓ scans a 50,000-instance cycle without recursing 631ms
 ✓ test/levels/ch2-batch4.test.ts (126 tests) 508ms
 ✓ test/app/progress.test.ts (18 tests) 12ms
 ✓ test/persist/storage.test.ts (12 tests) 13ms
 ✓ test/app/commands.test.ts (6 tests) 9ms
 ✓ test/ui/view.test.ts (6 tests) 10ms
 ✓ test/levels/unlock-chain.test.ts (35 tests) 21ms
 ✓ test/core/signal.test.ts (16 tests) 14ms
 ✓ test/app/store.test.ts (11 tests) 10ms
 ✓ test/levels/ch2-batch2.test.ts (59 tests) 721ms
 ✓ test/levels/grader.test.ts (66 tests) 837ms
   ✓ every shipped level: its reference solution meets its own three-star bounds (39)
     ✓ ch2-27-logic-engine meets every bound its level declares 504ms
 ✓ test/levels/level-buildability.test.ts (85 tests) 825ms
   ✓ every shipped level can build its own reference solution (40)
     ✓ grades every filed reference against the level it is filed under 753ms
 ✓ test/smoke/sanity.test.ts (1 test) 3ms
 ✓ test/ui/panels.test.ts (22 tests) 58ms
 ✓ test/levels/ch2-batch3.test.ts (69 tests) 1896ms
   ✓ reference solutions pass with three stars (5)
     ✓ ch2-27-logic-engine 562ms
   ✓ the fuzz levels drive varying, reproducible vectors (1)
     ✓ draws 256 different vectors on every run, from the level data alone 438ms

 Test Files  23 passed (23)
      Tests  913 passed (913)
   Start at  03:43:13
   Duration  2.81s (tests 40%, transform 35%, import 13%, environment 10%, worker 3%)

  Transform  transforming modules took 5.86s · 35% of tracked time, re-done on every run
             persist transforms across runs with fsModuleCache: true
             learn more: https://vitest.dev/guide/improving-performance#caching-between-reruns

