$ vitest run

 RUN  v5.0.2 D:/Documents/turing-complete/.worktrees/phase1

 ✓ test/levels/checks.test.ts (28 tests) 59ms
 ✓ test/core/defs-wide.test.ts (60 tests) 102ms
 ✓ test/core/registry.test.ts (35 tests) 30ms
 ✓ test/levels/ch1-part2.test.ts (29 tests) 27ms
 ✓ test/levels/unlock-chain.test.ts (35 tests) 25ms
 ✓ test/levels/fuzz-custom.test.ts (67 tests) 192ms
 ✓ test/levels/ch2-batch1.test.ts (58 tests) 105ms
 ✓ test/core/net.test.ts (55 tests) 451ms
 ✓ test/levels/ch2-batch4.test.ts (126 tests) 311ms
 ✓ test/core/signal.test.ts (16 tests) 13ms
 ✓ test/core/graph.test.ts (15 tests) 648ms
   ✓ validateGraph (9)
     ✓ scans a 50,000-instance cycle without recursing 633ms
 ✓ test/app/commands.test.ts (6 tests) 8ms
 ✓ test/persist/storage.test.ts (12 tests) 12ms
 ✓ test/levels/ch2-batch2.test.ts (61 tests) 519ms
 ✓ test/app/progress.test.ts (18 tests) 14ms
 ✓ test/levels/ch1-part1.test.ts (34 tests) 35ms
 ✓ test/ui/view.test.ts (6 tests) 5ms
 ✓ test/app/store.test.ts (11 tests) 10ms
 ✓ test/levels/grader.test.ts (66 tests) 666ms
   ✓ every shipped level: its reference solution meets its own three-star bounds (39)
     ✓ ch2-27-logic-engine meets every bound its level declares 460ms
 ✓ test/smoke/sanity.test.ts (1 test) 2ms
 ✓ test/levels/level-buildability.test.ts (85 tests) 709ms
   ✓ every shipped level can build its own reference solution (40)
     ✓ grades every filed reference against the level it is filed under 672ms
 ✓ test/ui/panels.test.ts (22 tests) 55ms
 ✓ test/levels/ch2-batch3.test.ts (69 tests) 1771ms
   ✓ reference solutions pass with three stars (5)
     ✓ ch2-27-logic-engine 495ms
   ✓ the fuzz levels drive varying, reproducible vectors (1)
     ✓ draws 256 different vectors on every run, from the level data alone 434ms

 Test Files  23 passed (23)
      Tests  915 passed (915)
   Start at  03:52:50
   Duration  2.61s (tests 39%, transform 33%, import 15%, environment 9%, worker 3%)

  Transform  transforming modules took 4.98s · 33% of tracked time, re-done on every run
             persist transforms across runs with fsModuleCache: true
             learn more: https://vitest.dev/guide/improving-performance#caching-between-reruns

