$ vitest run

 RUN  v5.0.2 D:/Documents/turing-complete/.worktrees/phase1

 ✓ test/levels/checks.test.ts (28 tests) 64ms
 ✓ test/core/defs-wide.test.ts (60 tests) 123ms
 ✓ test/levels/fuzz-custom.test.ts (67 tests) 118ms
 ✓ test/levels/ch1-part2.test.ts (29 tests) 27ms
 ✓ test/core/registry.test.ts (35 tests) 29ms
 ✓ test/levels/ch1-part1.test.ts (34 tests) 26ms
 ✓ test/levels/ch2-batch1.test.ts (58 tests) 108ms
 ✓ test/core/graph.test.ts (15 tests) 583ms
   ✓ validateGraph (9)
     ✓ scans a 50,000-instance cycle without recursing 571ms
 ✓ test/levels/ch2-batch4.test.ts (126 tests) 389ms
 ✓ test/core/net.test.ts (55 tests) 573ms
   ✓ compile (10)
     ✓ sizes the signal table for the circuit instead of the 65,536 default 377ms
 ✓ test/core/signal.test.ts (16 tests) 11ms
 ✓ test/persist/storage.test.ts (12 tests) 13ms
 ✓ test/app/commands.test.ts (6 tests) 8ms
 ✓ test/levels/ch2-batch2.test.ts (61 tests) 540ms
 ✓ test/app/progress.test.ts (18 tests) 12ms
 ✓ test/levels/unlock-chain.test.ts (38 tests) 24ms
 ✓ test/app/store.test.ts (11 tests) 8ms
 ✓ test/ui/view.test.ts (6 tests) 9ms
 ✓ test/levels/grader.test.ts (66 tests) 646ms
   ✓ every shipped level: its reference solution meets its own three-star bounds (39)
     ✓ ch2-27-logic-engine meets every bound its level declares 457ms
 ✓ test/levels/level-buildability.test.ts (85 tests) 632ms
   ✓ every shipped level can build its own reference solution (40)
     ✓ grades every filed reference against the level it is filed under 595ms
 ✓ test/smoke/sanity.test.ts (1 test) 3ms
 ✓ test/ui/panels.test.ts (22 tests) 59ms
 ✓ test/levels/ch2-batch3.test.ts (69 tests) 1711ms
   ✓ reference solutions pass with three stars (5)
     ✓ ch2-27-logic-engine 487ms
   ✓ the fuzz levels drive varying, reproducible vectors (1)
     ✓ draws 256 different vectors on every run, from the level data alone 420ms

 Test Files  23 passed (23)
      Tests  918 passed (918)
   Start at  04:03:08
   Duration  2.48s (tests 40%, transform 31%, import 16%, environment 9%, worker 3%)

  Transform  transforming modules took 4.42s · 31% of tracked time, re-done on every run
             persist transforms across runs with fsModuleCache: true
             learn more: https://vitest.dev/guide/improving-performance#caching-between-reruns

