$ vitest run

 RUN  v5.0.2 D:/Documents/turing-complete/.worktrees/phase1

 ✓ test/levels/checks.test.ts (28 tests) 44ms
 ✓ test/core/defs-wide.test.ts (63 tests) 128ms
 ✓ test/levels/fuzz-custom.test.ts (67 tests) 143ms
 ✓ test/core/registry.test.ts (35 tests) 32ms
 ✓ test/levels/ch1-part2.test.ts (35 tests) 29ms
 ✓ test/levels/ch1-part1.test.ts (40 tests) 31ms
 ✓ test/levels/ch2-batch1.test.ts (58 tests) 147ms
 ✓ test/core/net.test.ts (55 tests) 556ms
   ✓ compile (10)
     ✓ sizes the signal table for the circuit instead of the 65,536 default 337ms
 ✓ test/core/graph.test.ts (15 tests) 597ms
   ✓ validateGraph (9)
     ✓ scans a 50,000-instance cycle without recursing 581ms
 ✓ test/levels/ch2-batch4.test.ts (126 tests) 404ms
 ✓ test/levels/unlock-chain.test.ts (38 tests) 25ms
 ✓ test/app/progress.test.ts (18 tests) 16ms
 ✓ test/core/signal.test.ts (20 tests) 28ms
 ✓ test/app/commands.test.ts (6 tests) 9ms
 ✓ test/persist/storage.test.ts (12 tests) 12ms
 ✓ test/app/store.test.ts (11 tests) 11ms
 ✓ test/levels/ch2-batch2.test.ts (61 tests) 613ms
 ✓ test/ui/view.test.ts (6 tests) 7ms
 ✓ test/levels/grader.test.ts (66 tests) 682ms
   ✓ every shipped level: its reference solution meets its own three-star bounds (39)
     ✓ ch2-27-logic-engine meets every bound its level declares 483ms
 ✓ test/smoke/sanity.test.ts (1 test) 3ms
 ✓ test/levels/level-buildability.test.ts (85 tests) 697ms
   ✓ every shipped level can build its own reference solution (40)
     ✓ grades every filed reference against the level it is filed under 665ms
 ✓ test/ui/panels.test.ts (23 tests) 59ms
 ✓ test/levels/ch2-batch3.test.ts (69 tests) 1938ms
   ✓ reference solutions pass with three stars (5)
     ✓ ch2-27-logic-engine 541ms
   ✓ the fuzz levels drive varying, reproducible vectors (1)
     ✓ draws 256 different vectors on every run, from the level data alone 495ms

 Test Files  23 passed (23)
      Tests  938 passed (938)
   Start at  08:07:42
   Duration  2.75s (tests 41%, transform 32%, import 14%, environment 10%, worker 3%)

  Transform  transforming modules took 4.81s · 32% of tracked time, re-done on every run
             persist transforms across runs with fsModuleCache: true
             learn more: https://vitest.dev/guide/improving-performance#caching-between-reruns

