$ vitest run

 RUN  v5.0.2 D:/Documents/turing-complete/.worktrees/phase1

 ✓ test/levels/checks.test.ts (28 tests) 43ms
 ✓ test/core/defs-wide.test.ts (63 tests) 100ms
 ✓ test/levels/fuzz-custom.test.ts (67 tests) 107ms
 ✓ test/core/registry.test.ts (35 tests) 30ms
 ✓ test/levels/ch1-part2.test.ts (35 tests) 27ms
 ✓ test/levels/ch1-part1.test.ts (40 tests) 25ms
 ✓ test/levels/ch2-batch1.test.ts (58 tests) 98ms
 ✓ test/core/net.test.ts (55 tests) 466ms
 ✓ test/core/graph.test.ts (15 tests) 508ms
   ✓ validateGraph (9)
     ✓ scans a 50,000-instance cycle without recursing 494ms
 ✓ test/levels/unlock-chain.test.ts (38 tests) 23ms
 ✓ test/levels/ch2-batch4.test.ts (126 tests) 343ms
 ✓ test/core/signal.test.ts (20 tests) 22ms
 ✓ test/persist/storage.test.ts (12 tests) 12ms
 ✓ test/app/commands.test.ts (6 tests) 8ms
 ✓ test/ui/view.test.ts (6 tests) 6ms
 ✓ test/app/progress.test.ts (18 tests) 11ms
 ✓ test/levels/ch2-batch2.test.ts (61 tests) 518ms
 ✓ test/app/store.test.ts (11 tests) 8ms
 ✓ test/smoke/sanity.test.ts (1 test) 3ms
 ✓ test/levels/grader.test.ts (66 tests) 617ms
   ✓ every shipped level: its reference solution meets its own three-star bounds (39)
     ✓ ch2-27-logic-engine meets every bound its level declares 425ms
 ✓ test/levels/level-buildability.test.ts (85 tests) 606ms
   ✓ every shipped level can build its own reference solution (40)
     ✓ grades every filed reference against the level it is filed under 573ms
 ✓ test/ui/panels.test.ts (23 tests) 53ms
 ✓ test/levels/ch2-batch3.test.ts (69 tests) 1777ms
   ✓ reference solutions pass with three stars (5)
     ✓ ch2-27-logic-engine 476ms
   ✓ the fuzz levels drive varying, reproducible vectors (1)
     ✓ draws 256 different vectors on every run, from the level data alone 448ms

 Test Files  23 passed (23)
      Tests  938 passed (938)
   Start at  07:56:03
   Duration  2.50s (tests 41%, transform 33%, import 15%, environment 9%, worker 3%)

  Transform  transforming modules took 4.38s · 33% of tracked time, re-done on every run
             persist transforms across runs with fsModuleCache: true
             learn more: https://vitest.dev/guide/improving-performance#caching-between-reruns

