$ vitest run "test/levels/unlock-chain.test.ts"

 RUN  v5.0.2 D:/Documents/turing-complete/.worktrees/phase1

 ❯ test/levels/unlock-chain.test.ts (38 tests | 2 failed) 18ms
   ✓ every chapter-2 level offers only parts it has already earned (26)
     ✓ ch2-13-odd-number-of-signals 1ms
     ✓ ch2-14-double-trouble 0ms
     ✓ ch2-15-binary-racer 0ms
     ✓ ch2-16-counting-signals 0ms
     ✓ ch2-17-double-the-number 0ms
     ✓ ch2-18-byte-or 0ms
     ✓ ch2-19-byte-not 0ms
     ✓ ch2-20-half-adder 0ms
     ✓ ch2-21-full-adder 0ms
     ✓ ch2-22-adding-bytes 0ms
     ✓ ch2-23-negative-numbers 0ms
     ✓ ch2-24-signed-negator 0ms
     ✓ ch2-25-1-bit-decoder 0ms
     ✓ ch2-26-3-bit-decoder 0ms
     ✓ ch2-27-logic-engine 0ms
     ✓ ch2-28-circular-dependency 0ms
     ✓ ch2-29-delayed-lines 0ms
     ✓ ch2-30-odd-ticks 0ms
     ✓ ch2-31-bit-inverter 0ms
     ✓ ch2-32-bit-switch 0ms
     ✓ ch2-33-input-selector 0ms
     ✓ ch2-34-the-bus 0ms
     ✓ ch2-35-saving-gracefully 0ms
     ✓ ch2-36-saving-bytes 0ms
     ✓ ch2-37-little-box 0ms
     ✓ ch2-38-counter 0ms
   ✓ spec §3.3's rows and the level data agree (3)
     ✓ reads a row for every chapter the table lists 0ms
     ✓ names every part a chapter-2 level hands out 1ms
     ✓ agrees with the chapter-1 row in both directions, mem1 included 0ms
   ❯ every part in spec §3.3's chapter-2 list is unlocked by exactly one level (6)
     ✓ walks the spec row itself, with no repeats and nothing dropped 0ms
     × hands out every listed part at exactly one chapter-2 level, bar the ruling 5ms
     ✓ hands ram8 out at level 28, ahead of the level that builds from it 0ms
     ✓ unlocks switch and switch8 at level 22, ten levels before the source teaches them 0ms
     × unlocks mem1 at chapter 1 level 12, the row the spec puts it in 1ms
     ✓ registers decoder2 and records that no level unlocks it -- the second ruling 0ms
   ✓ every component is unlocked at or before the first level that lists it (1)
     ✓ holds for every component any shipped level offers 0ms
   ✓ chapter 2 is exactly 26 levels, at indices 13-38 (2)
     ✓ has 26 levels, one per index from 13 to 38 0ms
     ✓ is the chapter join point, in the same order, with nothing in front of it 0ms

⎯⎯⎯⎯⎯⎯⎯ Failed Tests 2 ⎯⎯⎯⎯⎯⎯⎯

 FAIL  test/levels/unlock-chain.test.ts > every part in spec §3.3's chapter-2 list is unlocked by exactly one level > hands out every listed part at exactly one chapter-2 level, bar the ruling
AssertionError: components not unlocked by exactly one chapter-2 level: expected [ Array(1) ] to deeply equal []

- Expected
+ Received

- []
+ [
+   "mem1 is unlocked by ch1-12-binary-racer, which is chapter 1",
+ ]

 ❯ test/levels/unlock-chain.test.ts:279:78
    277|     }
    278|
    279|     expect(errors, 'components not unlocked by exactly one chapter-2 l…
       |                                                                              ^
    280|   });
    281|

⎯⎯⎯⎯⎯⎯⎯⎯⎯⎯⎯⎯⎯⎯⎯⎯⎯⎯⎯⎯⎯⎯⎯⎯[1/2]⎯

 FAIL  test/levels/unlock-chain.test.ts > every part in spec §3.3's chapter-2 list is unlocked by exactly one level > unlocks mem1 at chapter 1 level 12, the row the spec puts it in
AssertionError: expected [ 'switch', 'full_adder', …(32) ] to not include 'mem1'
 ❯ test/levels/unlock-chain.test.ts:324:25
    322|     // ruling is, so neither half depends on the other.
    323|     expect(CH1_ROW).toContain('mem1');
    324|     expect(CH2_ROW).not.toContain('mem1');
       |                         ^
    325|     expect(levelsOfChapter(2).filter((level) => rewardsOf(level).inclu…
    326|   });

⎯⎯⎯⎯⎯⎯⎯⎯⎯⎯⎯⎯⎯⎯⎯⎯⎯⎯⎯⎯⎯⎯⎯⎯[2/2]⎯


 Test Files  1 failed (1)
      Tests  2 failed | 36 passed (38)
   Start at  04:02:03
   Duration  422ms (transform 71%, import 19%, tests 7%, worker 3%)

[ELIFECYCLE] Test failed. See above for more details.
