$ vitest run

 RUN  v5.0.2 D:/Documents/turing-complete/.worktrees/phase1

 ✓ test/levels/checks.test.ts (28 tests) 53ms
 ✓ test/core/defs-wide.test.ts (63 tests) 133ms
 ✓ test/core/registry.test.ts (35 tests) 29ms
 ✓ test/levels/ch1-part1.test.ts (40 tests) 30ms
 ✓ test/levels/ch1-part2.test.ts (35 tests) 32ms
 ✓ test/levels/fuzz-custom.test.ts (67 tests) 235ms
 ✓ test/levels/ch2-batch1.test.ts (58 tests) 149ms
 ✓ test/core/net.test.ts (55 tests) 601ms
   ✓ compile (10)
     ✓ sizes the signal table for the circuit instead of the 65,536 default 336ms
 ✓ test/core/graph.test.ts (15 tests) 641ms
   ✓ validateGraph (9)
     ✓ scans a 50,000-instance cycle without recursing 625ms
 ✓ test/levels/ch2-batch4.test.ts (126 tests) 439ms
 ✓ test/core/signal.test.ts (19 tests) 24ms
 ✓ test/levels/unlock-chain.test.ts (38 tests) 27ms
 ✓ test/app/commands.test.ts (6 tests) 10ms
 ✓ test/persist/storage.test.ts (12 tests) 11ms
 ✓ test/levels/ch2-batch2.test.ts (61 tests) 589ms
 ✓ test/app/progress.test.ts (18 tests) 11ms
 ✓ test/ui/view.test.ts (6 tests) 6ms
 ✓ test/app/store.test.ts (11 tests) 8ms
 ✓ test/levels/grader.test.ts (66 tests) 739ms
   ✓ every shipped level: its reference solution meets its own three-star bounds (39)
     ✓ ch2-27-logic-engine meets every bound its level declares 533ms
 ✓ test/levels/level-buildability.test.ts (85 tests) 726ms
   ✓ every shipped level can build its own reference solution (40)
     ✓ grades every filed reference against the level it is filed under 680ms
 ✓ test/smoke/sanity.test.ts (1 test) 2ms
 ✓ test/ui/panels.test.ts (23 tests) 66ms
 ✓ test/levels/ch2-batch3.test.ts (69 tests) 1969ms
   ✓ reference solutions pass with three stars (5)
     ✓ ch2-27-logic-engine 554ms
   ✓ the fuzz levels drive varying, reproducible vectors (1)
     ✓ draws 256 different vectors on every run, from the level data alone 496ms

 Test Files  23 passed (23)
      Tests  937 passed (937)
   Start at  07:51:47
   Duration  2.76s (tests 42%, transform 31%, import 14%, environment 9%, worker 3%)

  Transform  transforming modules took 4.81s · 31% of tracked time, re-done on every run
             persist transforms across runs with fsModuleCache: true
             learn more: https://vitest.dev/guide/improving-performance#caching-between-reruns

