$ vitest run "test/core/signal.test.ts"

 RUN  v5.0.2 D:/Documents/turing-complete/.worktrees/phase1

 ❯ test/core/signal.test.ts (20 tests | 1 failed) 15ms
   ✓ SignalTable (11)
     ✓ allocates sequential slot ranges 1ms
     ✓ defaults every slot to 0 0ms
     ✓ writes and reads single bits 0ms
     ✓ stores an 8-bit port as 8 separate slots, low bit first 0ms
     ✓ accepts a Uint8Array for wide ports 1ms
     ✓ reads back every bit of a wide port whose width is not a multiple of 8 0ms
     ✓ rejects a value that does not fit the port width 1ms
     ✓ clear() zeroes every allocated slot and keeps size 0ms
     ✓ keeps earlier values while allocating more slots 0ms
     ✓ refuses to over-allocate instead of silently corrupting indices 0ms
     ✓ never swaps its backing slots, so earlier bases stay valid 0ms
   ❯ assertWidth (4)
     ✓ accepts every value of a 31-bit port, zero included 0ms
     ✓ bounds a 32-bit port at 0xffff_ffff, as its own arm did 0ms
     × rejects a negative value at width 32, so the fast path is non-negative too 4ms
     ✓ bounds 0, 1 and 2 ** width - 1 in and 2 ** width out at every width 1..32 4ms
   ✓ Port (2)
     ✓ reads through to the table so writes are visible 0ms
     ✓ throws when written a value wider than the port 0ms
   ✓ formatPort (2)
     ✓ pads binary to the port width 0ms
     ✓ formats decimal and hex 0ms
   ✓ valuesEqual (1)
     ✓ compares numbers and byte arrays 0ms

⎯⎯⎯⎯⎯⎯⎯ Failed Tests 1 ⎯⎯⎯⎯⎯⎯⎯

 FAIL  test/core/signal.test.ts > assertWidth > rejects a negative value at width 32, so the fast path is non-negative too
AssertionError: expected [Function] to throw an error

- Expected:
null

+ Received:
undefined

 ❯ test/core/signal.test.ts:161:39
    159|     // `v >= 0` now. Width 33 is asserted as well because it is the SA…
    160|     // reachable path above 32, where the number writer carries at mos…
    161|     expect(() => assertWidth(-1, 32)).toThrow(/does not fit a 32-bit p…
       |                                       ^
    162|     expect(() => assertWidth(-1, 33)).toThrow(/does not fit a 33-bit p…
    163|     expect(() => assertWidth(0, 32)).not.toThrow();

⎯⎯⎯⎯⎯⎯⎯⎯⎯⎯⎯⎯⎯⎯⎯⎯⎯⎯⎯⎯⎯⎯⎯⎯[1/1]⎯


 Test Files  1 failed (1)
      Tests  1 failed | 19 passed (20)
   Start at  07:55:22
   Duration  211ms (transform 49%, tests 20%, import 18%, worker 14%)

[ELIFECYCLE] Test failed. See above for more details.
