$ vitest run

 RUN  v5.0.2 D:/Documents/turing-complete/.worktrees/phase1

 ✓ test/app/progress.test.ts (18 tests) 15ms
 ✓ test/levels/checks.test.ts (28 tests) 52ms
 ✓ test/core/defs-wide.test.ts (60 tests) 124ms
 ✓ test/levels/ch1-part1.test.ts (34 tests) 20ms
 ✓ test/core/registry.test.ts (35 tests) 27ms
 ✓ test/levels/ch1-part2.test.ts (29 tests) 29ms
 ✓ test/levels/grader.test.ts (40 tests) 45ms
 ✓ test/levels/ch2-batch1.test.ts (58 tests) 93ms
 ✓ test/levels/level-buildability.test.ts (40 tests) 55ms
 ✓ test/levels/fuzz-custom.test.ts (67 tests) 183ms
 ✓ test/core/net.test.ts (55 tests) 438ms
 ✓ test/core/graph.test.ts (15 tests) 503ms
   ✓ validateGraph (9)
     ✓ scans a 50,000-instance cycle without recursing 484ms
 ✓ test/core/signal.test.ts (16 tests) 13ms
 ✓ test/smoke/sanity.test.ts (1 test) 3ms
 ✓ test/app/commands.test.ts (6 tests) 8ms
 ✓ test/persist/storage.test.ts (12 tests) 10ms
 ✓ test/ui/view.test.ts (6 tests) 5ms
 ✓ test/app/store.test.ts (11 tests) 8ms
 ✓ test/levels/ch2-batch2.test.ts (56 tests) 471ms
 ✓ test/ui/panels.test.ts (22 tests) 46ms
 ✓ test/levels/ch2-batch3.test.ts (68 tests) 1559ms
   ✓ reference solutions pass with three stars (5)
     ✓ ch2-27-logic-engine 389ms
   ✓ the fuzz levels drive varying, reproducible vectors (1)
     ✓ draws 256 different vectors on every run, from the level data alone 412ms

 Test Files  21 passed (21)
      Tests  677 passed (677)
   Start at  03:11:43
   Duration  2.38s (transform 41%, tests 30%, import 16%, environment 10%, worker 3%)

  Transform  transforming modules took 5.03s · 41% of tracked time, re-done on every run
             persist transforms across runs with fsModuleCache: true
             learn more: https://vitest.dev/guide/improving-performance#caching-between-reruns

