$ vitest run "test/levels/ch2-batch3.test.ts"

 RUN  v5.0.2 D:/Documents/turing-complete/.worktrees/phase1

 ❯ test/levels/ch2-batch3.test.ts (67 tests | 1 failed) 1310ms
   ❯ chapter 2, levels 23-27 (18)
     ✓ exposes five chapter-2 levels with the briefed indices 1ms
     ✓ uses the ch2-<index>-<slug> id convention 0ms
     ✓ shapes every level exactly as the brief fixes it 0ms
     ✓ names each level in both languages 0ms
     ✓ gates every part behind a component unlocked at or before it 3ms
     ✓ offers nothing from a later level 3ms
     ✓ gives every level a check with something to compare 0ms
     ✓ builds the decoder tables instead of leaving rows out 0ms
     ✓ states the one-bit decoder as a two-line one-hot table 0ms
     ✓ states the three-bit decoder as an eight-line one-hot table 0ms
     ✓ states the three fuzz levels with a fixed seed and 256 rounds 0ms
     ✓ names every pin of a fuzz level and nothing else in its pin maps 0ms
     ✓ expects the two two's-complement levels the brief names 0ms
     ✓ expects the eight opcodes the logic engine states, in the brief 0ms
     ✓ lists every opcode in the brief, in both languages 0ms
     × tells the player the decoder comes in widths, and names the parts 7ms
     ✓ hands out the parts the brief assigns to each level 0ms
     ✓ offers each level the parts its own lesson needs 1ms
   ✓ every level carries its sourced-vs-authored data comment (8)
     ✓ ch2-23-negative-numbers 0ms
     ✓ ch2-24-signed-negator 0ms
     ✓ ch2-25-1-bit-decoder 0ms
     ✓ ch2-26-3-bit-decoder 0ms
     ✓ ch2-27-logic-engine 0ms
     ✓ records that level 23 changes the source level's kind 0ms
     ✓ records the per-width decoder family and why a width parameter cannot do it 0ms
     ✓ records that level 27's opcode table is this replica's own 0ms
   ✓ reference solutions pass with three stars (5)
     ✓ ch2-23-negative-numbers 12ms
     ✓ ch2-24-signed-negator 6ms
     ✓ ch2-25-1-bit-decoder 1ms
     ✓ ch2-26-3-bit-decoder 1ms
     ✓ ch2-27-logic-engine 205ms
   ✓ three-star targets are the reference solutions own metrics (5)
     ✓ ch2-23-negative-numbers 5ms
     ✓ ch2-24-signed-negator 3ms
     ✓ ch2-25-1-bit-decoder 0ms
     ✓ ch2-26-3-bit-decoder 1ms
     ✓ ch2-27-logic-engine 187ms
   ✓ reference solutions are buildable from the palette they are graded against (5)
     ✓ ch2-23-negative-numbers 0ms
     ✓ ch2-24-signed-negator 0ms
     ✓ ch2-25-1-bit-decoder 0ms
     ✓ ch2-26-3-bit-decoder 0ms
     ✓ ch2-27-logic-engine 8ms
   ✓ plausible wrong circuits fail (7)
     ✓ ch2-23-negative-numbers 1ms
     ✓ ch2-24-signed-negator 0ms
     ✓ ch2-25-1-bit-decoder 1ms
     ✓ ch2-26-3-bit-decoder 0ms
     ✓ ch2-27-logic-engine 36ms
     ✓ fails the anti-decoder on the row the swap changes 0ms
     ✓ fails the pass-through decoder on the first row that is not its own one-hot code 0ms
   ✓ an empty circuit fails every level instead of throwing (5)
     ✓ ch2-23-negative-numbers 0ms
     ✓ ch2-24-signed-negator 0ms
     ✓ ch2-25-1-bit-decoder 0ms
     ✓ ch2-26-3-bit-decoder 0ms
     ✓ ch2-27-logic-engine 0ms
   ✓ the fuzz levels name the round and the vector that failed (3)
     ✓ ch2-23-negative-numbers: the first disagreeing round, with its vector 1ms
     ✓ ch2-24-signed-negator: the first disagreeing round, with its vector 1ms
     ✓ ch2-27-logic-engine: the first disagreeing round, with its vector 38ms
   ✓ the fuzz levels drive varying, reproducible vectors (1)
     ✓ draws 256 different vectors on every run, from the level data alone 394ms
   ✓ level 27's eight opcodes are all exercised (4)
     ✓ drives every opcode at least once in the level's own 256-round sequence 188ms
     ✓ grades every opcode against a circuit broken on exactly that opcode 108ms
     ✓ grades the shift amount as the low three bits of b 15ms
     ✓ separates the eight opcodes on vectors a player would try by hand 0ms
   ✓ the targets separate the constructions they measure (5)
     ✓ level 24: the bit-serial incrementer is smaller and much deeper, and one star 27ms
     ✓ level 23: the bit-serial magnitude is smaller and much deeper, and one star 12ms
     ✓ level 26: the flat eight-AND3 decode is correct and one star 1ms
     ✓ level 23: the textbook (a XOR m) - m is correct and one star 7ms
     ✓ level 24: inverting with a byte XOR is correct and one star 4ms
   ✓ the decoder rewards are generated per width, and no reference drops one in (1)
     ✓ wires both decoder levels from gates, not from a decoder drop-in 22ms

⎯⎯⎯⎯⎯⎯⎯ Failed Tests 1 ⎯⎯⎯⎯⎯⎯⎯

 FAIL  test/levels/ch2-batch3.test.ts > chapter 2, levels 23-27 > tells the player the decoder comes in widths, and names the parts
AssertionError: expected 'A decoder turns a select value into o…' not to contain 'params.width'

Expected: "params.width"
Received: "A decoder turns a select value into one high output line, and it comes in widths: one part per width. This level asks for decoder1, the 1-to-2 form -- sel 0 lights bit 0 (out reads 1) and sel 1 lights bit 1 (out reads 2). The 2-to-4 form is decoder2: set params.width to 2 and it is the catalog's 2-bit decoder, which a later circuit can drop in as it is."

 ❯ test/levels/ch2-batch3.test.ts:453:30
    451|     // a way to a 4-output decoder would be teaching a knob this kerne…
    452|     // have. This is the assertion that fails if the old wording comes…
    453|     expect(L25.brief.en).not.toContain('params.width');
       |                              ^
    454|     expect(L25.brief.zh).not.toContain('params.width');
    455|   });

⎯⎯⎯⎯⎯⎯⎯⎯⎯⎯⎯⎯⎯⎯⎯⎯⎯⎯⎯⎯⎯⎯⎯⎯[1/1]⎯


 Test Files  1 failed (1)
      Tests  1 failed | 66 passed (67)
   Start at  03:07:53
   Duration  1.68s (tests 84%, transform 13%, import 3%, worker 1%)

[ELIFECYCLE] Test failed. See above for more details.
