$ vitest run "test/levels/ch2-batch2.test.ts" "--reporter=verbose"

 RUN  v5.0.2 D:/Documents/turing-complete/.worktrees/phase1

 ✓ test/levels/ch2-batch2.test.ts > chapter 2, levels 18-22 > exposes five chapter-2 levels with the briefed indices 1ms
 ✓ test/levels/ch2-batch2.test.ts > chapter 2, levels 18-22 > uses the ch2-<index>-<slug> id convention 0ms
 ✓ test/levels/ch2-batch2.test.ts > chapter 2, levels 18-22 > shapes every level exactly as the brief fixes it 0ms
 ✓ test/levels/ch2-batch2.test.ts > chapter 2, levels 18-22 > names each level in both languages 0ms
 ✓ test/levels/ch2-batch2.test.ts > chapter 2, levels 18-22 > gates every part behind a component unlocked at or before it 2ms
 ✓ test/levels/ch2-batch2.test.ts > chapter 2, levels 18-22 > offers nothing from a later level 2ms
 ✓ test/levels/ch2-batch2.test.ts > chapter 2, levels 18-22 > gives every level a check with something to compare 0ms
 ✓ test/levels/ch2-batch2.test.ts > chapter 2, levels 18-22 > generates the truth tables instead of leaving rows out 0ms
 ✓ test/levels/ch2-batch2.test.ts > chapter 2, levels 18-22 > states the half adder the way the sum-and-carry level does 0ms
 ✓ test/levels/ch2-batch2.test.ts > chapter 2, levels 18-22 > states the full adder the way the carry-in level does 0ms
 ✓ test/levels/ch2-batch2.test.ts > chapter 2, levels 18-22 > states the three fuzz levels with a fixed seed and 256 rounds 0ms
 ✓ test/levels/ch2-batch2.test.ts > chapter 2, levels 18-22 > names every pin of a fuzz level and nothing else in its pin maps 0ms
 ✓ test/levels/ch2-batch2.test.ts > chapter 2, levels 18-22 > draws 256 varying, reproducible vectors on every fuzz level 86ms
 ✓ test/levels/ch2-batch2.test.ts > chapter 2, levels 18-22 > expects the byte operators the brief names 0ms
 ✓ test/levels/ch2-batch2.test.ts > chapter 2, levels 18-22 > hands out the parts the brief assigns to each level 0ms
 ✓ test/levels/ch2-batch2.test.ts > chapter 2, levels 18-22 > offers each level the parts its own lesson needs 1ms
 ✓ test/levels/ch2-batch2.test.ts > chapter 2, levels 18-22 > rewards an id the registry actually implements 0ms
 ✓ test/levels/ch2-batch2.test.ts > every level carries its sourced-vs-authored data comment > ch2-18-byte-or 0ms
 ✓ test/levels/ch2-batch2.test.ts > every level carries its sourced-vs-authored data comment > ch2-19-byte-not 0ms
 ✓ test/levels/ch2-batch2.test.ts > every level carries its sourced-vs-authored data comment > ch2-20-half-adder 0ms
 ✓ test/levels/ch2-batch2.test.ts > every level carries its sourced-vs-authored data comment > ch2-21-full-adder 0ms
 ✓ test/levels/ch2-batch2.test.ts > every level carries its sourced-vs-authored data comment > ch2-22-adding-bytes 0ms
 ✓ test/levels/ch2-batch2.test.ts > every level carries its sourced-vs-authored data comment > records the two source achievements the batch has to honour 0ms
 ✓ test/levels/ch2-batch2.test.ts > reference solutions pass with three stars > ch2-18-byte-or 9ms
 ✓ test/levels/ch2-batch2.test.ts > reference solutions pass with three stars > ch2-19-byte-not 8ms
 ✓ test/levels/ch2-batch2.test.ts > reference solutions pass with three stars > ch2-20-half-adder 1ms
 ✓ test/levels/ch2-batch2.test.ts > reference solutions pass with three stars > ch2-21-full-adder 0ms
 ✓ test/levels/ch2-batch2.test.ts > reference solutions pass with three stars > ch2-22-adding-bytes 12ms
 ✓ test/levels/ch2-batch2.test.ts > three-star targets are the reference solutions own metrics > ch2-18-byte-or 11ms
 ✓ test/levels/ch2-batch2.test.ts > three-star targets are the reference solutions own metrics > ch2-19-byte-not 9ms
 ✓ test/levels/ch2-batch2.test.ts > three-star targets are the reference solutions own metrics > ch2-20-half-adder 0ms
 ✓ test/levels/ch2-batch2.test.ts > three-star targets are the reference solutions own metrics > ch2-21-full-adder 0ms
 ✓ test/levels/ch2-batch2.test.ts > three-star targets are the reference solutions own metrics > ch2-22-adding-bytes 13ms
 ✓ test/levels/ch2-batch2.test.ts > reference solutions are buildable from the palette they are graded against > ch2-18-byte-or 1ms
 ✓ test/levels/ch2-batch2.test.ts > reference solutions are buildable from the palette they are graded against > ch2-19-byte-not 0ms
 ✓ test/levels/ch2-batch2.test.ts > reference solutions are buildable from the palette they are graded against > ch2-20-half-adder 0ms
 ✓ test/levels/ch2-batch2.test.ts > reference solutions are buildable from the palette they are graded against > ch2-21-full-adder 0ms
 ✓ test/levels/ch2-batch2.test.ts > reference solutions are buildable from the palette they are graded against > ch2-22-adding-bytes 0ms
 ✓ test/levels/ch2-batch2.test.ts > plausible wrong circuits fail > ch2-18-byte-or 0ms
 ✓ test/levels/ch2-batch2.test.ts > plausible wrong circuits fail > ch2-19-byte-not 0ms
 ✓ test/levels/ch2-batch2.test.ts > plausible wrong circuits fail > ch2-20-half-adder 0ms
 ✓ test/levels/ch2-batch2.test.ts > plausible wrong circuits fail > ch2-21-full-adder 0ms
 ✓ test/levels/ch2-batch2.test.ts > plausible wrong circuits fail > ch2-22-adding-bytes 0ms
 ✓ test/levels/ch2-batch2.test.ts > plausible wrong circuits fail > fails the half adder on the row that distinguishes it from an OR 0ms
 ✓ test/levels/ch2-batch2.test.ts > plausible wrong circuits fail > fails the full adder on the first row that needs the carry in 0ms
 ✓ test/levels/ch2-batch2.test.ts > the fuzz levels name the round and the vector that failed > ch2-18-byte-or: the first disagreeing round, with its vector 0ms
 ✓ test/levels/ch2-batch2.test.ts > the fuzz levels name the round and the vector that failed > ch2-19-byte-not: the first disagreeing round, with its vector 0ms
 ✓ test/levels/ch2-batch2.test.ts > the fuzz levels name the round and the vector that failed > ch2-22-adding-bytes: the first disagreeing round, with its vector 1ms
 ✓ test/levels/ch2-batch2.test.ts > an empty circuit fails every level instead of throwing > ch2-18-byte-or 0ms
 ✓ test/levels/ch2-batch2.test.ts > an empty circuit fails every level instead of throwing > ch2-19-byte-not 0ms
 ✓ test/levels/ch2-batch2.test.ts > an empty circuit fails every level instead of throwing > ch2-20-half-adder 0ms
 ✓ test/levels/ch2-batch2.test.ts > an empty circuit fails every level instead of throwing > ch2-21-full-adder 0ms
 ✓ test/levels/ch2-batch2.test.ts > an empty circuit fails every level instead of throwing > ch2-22-adding-bytes 0ms
 ✓ test/levels/ch2-batch2.test.ts > level 21's five-component construction is the reference it names > is five components and measures the gate target the achievement maps to 0ms
 ✓ test/levels/ch2-batch2.test.ts > level 21's five-component construction is the reference it names > records why the registered drop-in is withheld: it scores the target in one drop 0ms
 ✓ test/levels/ch2-batch2.test.ts > level 22's target is the cascade's own measurement, and the source's 35 is not it > measures the shipped reference well inside the source's reference value 12ms
 ✓ test/levels/ch2-batch2.test.ts > level 22's reference is the `full_adder` cascade, and the hand-wired chain is the alternative > files eight instances of the part as the reference, measured at 72 and 8 11ms
 ✓ test/levels/ch2-batch2.test.ts > level 22's reference is the `full_adder` cascade, and the hand-wired chain is the alternative > grades the hand-wired chain it replaced at 120 and 17 -- correct, and one star 34ms
 ✓ test/levels/ch2-batch2.test.ts > level 22's reference is the `full_adder` cascade, and the hand-wired chain is the alternative > measures the one drop-in that would beat the reference, and shows the palette withholds it 3ms
 ✓ test/levels/ch2-batch2.test.ts > the byte operators tie the circuits the levels ask for > level 18: the or8 the level hands out scores exactly what eight ORs do 9ms
 ✓ test/levels/ch2-batch2.test.ts > the byte operators tie the circuits the levels ask for > level 19: not8 and nand8(a, a) tie the eight NOTs, nor8(a, a) does not 12ms

 Test Files  1 passed (1)
      Tests  61 passed (61)
   Start at  03:53:49
   Duration  593ms (tests 52%, transform 36%, import 10%, worker 2%)

