$ vitest run "test/levels/unlock-chain.test.ts" "--reporter=verbose"

 RUN  v5.0.2 D:/Documents/turing-complete/.worktrees/phase1

 ✓ test/levels/unlock-chain.test.ts > every chapter-2 level offers only parts it has already earned > ch2-13-odd-number-of-signals 1ms
 ✓ test/levels/unlock-chain.test.ts > every chapter-2 level offers only parts it has already earned > ch2-14-double-trouble 0ms
 ✓ test/levels/unlock-chain.test.ts > every chapter-2 level offers only parts it has already earned > ch2-15-binary-racer 0ms
 ✓ test/levels/unlock-chain.test.ts > every chapter-2 level offers only parts it has already earned > ch2-16-counting-signals 0ms
 ✓ test/levels/unlock-chain.test.ts > every chapter-2 level offers only parts it has already earned > ch2-17-double-the-number 0ms
 ✓ test/levels/unlock-chain.test.ts > every chapter-2 level offers only parts it has already earned > ch2-18-byte-or 0ms
 ✓ test/levels/unlock-chain.test.ts > every chapter-2 level offers only parts it has already earned > ch2-19-byte-not 0ms
 ✓ test/levels/unlock-chain.test.ts > every chapter-2 level offers only parts it has already earned > ch2-20-half-adder 0ms
 ✓ test/levels/unlock-chain.test.ts > every chapter-2 level offers only parts it has already earned > ch2-21-full-adder 0ms
 ✓ test/levels/unlock-chain.test.ts > every chapter-2 level offers only parts it has already earned > ch2-22-adding-bytes 0ms
 ✓ test/levels/unlock-chain.test.ts > every chapter-2 level offers only parts it has already earned > ch2-23-negative-numbers 0ms
 ✓ test/levels/unlock-chain.test.ts > every chapter-2 level offers only parts it has already earned > ch2-24-signed-negator 0ms
 ✓ test/levels/unlock-chain.test.ts > every chapter-2 level offers only parts it has already earned > ch2-25-1-bit-decoder 0ms
 ✓ test/levels/unlock-chain.test.ts > every chapter-2 level offers only parts it has already earned > ch2-26-3-bit-decoder 0ms
 ✓ test/levels/unlock-chain.test.ts > every chapter-2 level offers only parts it has already earned > ch2-27-logic-engine 0ms
 ✓ test/levels/unlock-chain.test.ts > every chapter-2 level offers only parts it has already earned > ch2-28-circular-dependency 0ms
 ✓ test/levels/unlock-chain.test.ts > every chapter-2 level offers only parts it has already earned > ch2-29-delayed-lines 0ms
 ✓ test/levels/unlock-chain.test.ts > every chapter-2 level offers only parts it has already earned > ch2-30-odd-ticks 0ms
 ✓ test/levels/unlock-chain.test.ts > every chapter-2 level offers only parts it has already earned > ch2-31-bit-inverter 0ms
 ✓ test/levels/unlock-chain.test.ts > every chapter-2 level offers only parts it has already earned > ch2-32-bit-switch 0ms
 ✓ test/levels/unlock-chain.test.ts > every chapter-2 level offers only parts it has already earned > ch2-33-input-selector 0ms
 ✓ test/levels/unlock-chain.test.ts > every chapter-2 level offers only parts it has already earned > ch2-34-the-bus 0ms
 ✓ test/levels/unlock-chain.test.ts > every chapter-2 level offers only parts it has already earned > ch2-35-saving-gracefully 0ms
 ✓ test/levels/unlock-chain.test.ts > every chapter-2 level offers only parts it has already earned > ch2-36-saving-bytes 0ms
 ✓ test/levels/unlock-chain.test.ts > every chapter-2 level offers only parts it has already earned > ch2-37-little-box 0ms
 ✓ test/levels/unlock-chain.test.ts > every chapter-2 level offers only parts it has already earned > ch2-38-counter 0ms
 ✓ test/levels/unlock-chain.test.ts > spec §3.3's rows and the level data agree > reads a row for every chapter the table lists 0ms
 ✓ test/levels/unlock-chain.test.ts > spec §3.3's rows and the level data agree > names every part a chapter-2 level hands out 0ms
 ✓ test/levels/unlock-chain.test.ts > spec §3.3's rows and the level data agree > agrees with the chapter-1 row in both directions, mem1 included 0ms
 ✓ test/levels/unlock-chain.test.ts > every part in spec §3.3's chapter-2 list is unlocked by exactly one level > walks the spec row itself, with no repeats and nothing dropped 0ms
 ✓ test/levels/unlock-chain.test.ts > every part in spec §3.3's chapter-2 list is unlocked by exactly one level > hands out every listed part at exactly one chapter-2 level, bar the ruling 0ms
 ✓ test/levels/unlock-chain.test.ts > every part in spec §3.3's chapter-2 list is unlocked by exactly one level > hands ram8 out at level 28, ahead of the level that builds from it 0ms
 ✓ test/levels/unlock-chain.test.ts > every part in spec §3.3's chapter-2 list is unlocked by exactly one level > unlocks switch and switch8 at level 22, ten levels before the source teaches them 0ms
 ✓ test/levels/unlock-chain.test.ts > every part in spec §3.3's chapter-2 list is unlocked by exactly one level > unlocks mem1 at chapter 1 level 12, the row the spec puts it in 1ms
 ✓ test/levels/unlock-chain.test.ts > every part in spec §3.3's chapter-2 list is unlocked by exactly one level > registers decoder2 and records that no level unlocks it -- the second ruling 0ms
 ✓ test/levels/unlock-chain.test.ts > every component is unlocked at or before the first level that lists it > holds for every component any shipped level offers 0ms
 ✓ test/levels/unlock-chain.test.ts > chapter 2 is exactly 26 levels, at indices 13-38 > has 26 levels, one per index from 13 to 38 0ms
 ✓ test/levels/unlock-chain.test.ts > chapter 2 is exactly 26 levels, at indices 13-38 > is the chapter join point, in the same order, with nothing in front of it 0ms

 Test Files  1 passed (1)
      Tests  38 passed (38)
   Start at  04:03:12
   Duration  364ms (transform 72%, import 19%, tests 5%, worker 4%)

